// Jest Snapshot v1, https://goo.gl/fbAQLP

exports[`should match  snapshot 1`] = `
<DocumentFragment>
  <div
    className="MuiFormControl-root MuiTextField-root makeStyles-dynamic-17 MuiFormControl-fullWidth"
  >
    <label
      className="MuiFormLabel-root MuiInputLabel-root makeStyles-cssLabel-16 MuiInputLabel-formControl MuiInputLabel-animated Mui-required Mui-required"
      data-shrink="false"
    >
      Enter your first name
      <span
        aria-hidden="true"
        className="MuiFormLabel-asterisk MuiInputLabel-asterisk"
      >
        â€‰*
      </span>
    </label>
    <div
      className="MuiInputBase-root MuiInput-root MuiInput-underline MuiInputBase-fullWidth MuiInput-fullWidth MuiInputBase-formControl MuiInput-formControl"
    >
      <input
        aria-invalid="false"
        className="MuiInputBase-input MuiInput-input"
        data-test-id="test"
        name="firstName"
        required=""
        type="text"
        value=""
      />
    </div>
  </div>
</DocumentFragment>
`;
