// Jest Snapshot v1, https://goo.gl/fbAQLP

exports[`should match the snapshot 1`] = `
<DocumentFragment>
  <div>
    <div
      className="MuiGrid-root MuiGrid-item MuiGrid-grid-xs-12"
      style="display: inline-flex;"
    >
      <div
        className="MuiFormControl-root MuiTextField-root makeStyles-dynamic-15 MuiFormControl-fullWidth"
      >
        <label
          className="MuiFormLabel-root MuiInputLabel-root makeStyles-cssLabel-14 MuiInputLabel-formControl MuiInputLabel-animated Mui-required Mui-required"
          data-shrink="false"
        >
          Enter Username
          <span
            aria-hidden="true"
            className="MuiFormLabel-asterisk MuiInputLabel-asterisk"
          >
            â€‰*
          </span>
        </label>
        <div
          className="MuiInputBase-root MuiInput-root MuiInput-underline MuiInputBase-fullWidth MuiInput-fullWidth MuiInputBase-formControl MuiInput-formControl"
        >
          <input
            aria-invalid="false"
            className="MuiInputBase-input MuiInput-input"
            data-test-id="test"
            name="userName1"
            required=""
            type="text"
            value=""
          />
        </div>
      </div>
      <div
        className="MuiGrid-root"
        style="padding-top: 20px; padding-left: 10px;"
      >
        <span
          aria-hidden="true"
          className="material-icons MuiIcon-root"
          data-test-id="icon"
        >
          cloud
        </span>
      </div>
    </div>
  </div>
</DocumentFragment>
`;
